
> projects@0.1.0 build C:\Users\admin\enterprise-agent-portal
> bash ./scripts/build.sh

node.exe : 'bash' 不是内部或外
部命令，也不是可运行的程序
所在位置 D:\AI\nodejs\pnpm.p
s1:16 字符: 5
+     & "$basedir/node$e
xe"  "$basedir/node_modu
les/corepack/dist/pnpm. 
...
+     ~~~~~~~~~~~~~~~~~~
~~~~~~~~~~~~~~~~~~~~~~~~
~~~~~~~~~~~~~~~~~~~~~~~
    + CategoryInfo      
        : NotSpecified  
  : ('bash' 不是内部或外部命令   
 ，也不是可运行的程序:String)     
[], RemoteException
    + FullyQualifiedErr 
   orId : NativeComman  
  dError
 
或批处理文件。
鈥塃LIFECYCLE鈥?Command failed with exit code 1.
